env: load .env
env: export EXPO_PUBLIC_API_BASE_URL EXPO_PUBLIC_GOOGLE_CLIENT_ID EXPO_PUBLIC_GOOGLE_IOS_CLIENT_ID EXPO_PUBLIC_SPOONACULAR_API_KEY EXPO_PUBLIC_XP_PER_LEVEL
› Using --device 00008130-0014648400C1401C
› Auto signing app using team(s): UGQD4SYSL4, UGQD4SYSL4, UGQD4SYSL4
› Planning build
› Preparing GoMeal/GoMealLiveActivityExtensionExtension » Info.plist
› Linking   GoMeal/GoMealLiveActivityExtensionExtension » GoMealLiveActivityExtensionExtension.debug.dylib
› Preparing Pods/PromisesObjC-FBLPromises_Privacy » ResourceBundle-FBLPromises_Privacy-PromisesObjC-Info.plist
› Preparing Pods/PromisesSwift-Promises_Privacy » ResourceBundle-Promises_Privacy-PromisesSwift-Info.plist
› Executing @react-native-google-signin/google-signin Pods/PromisesSwift » Copy generated compatibility header
› Linking   GoMeal/GoMealLiveActivityExtensionExtension » GoMealLiveActivityExtensionExtension
› Linking   GoMeal/GoMealLiveActivityExtensionExtension » __preview.dylib
› Signing   GoMeal/GoMealLiveActivityExtensionExtension » GoMealLiveActivityExtensionExtension.debug.dylib
› Signing   GoMeal/GoMealLiveActivityExtensionExtension » __preview.dylib
› Signing   GoMeal/GoMealLiveActivityExtensionExtension » GoMealLiveActivityExtensionExtension.appex
› Compiling @react-native-google-signin/google-signin Pods/AppCheckCore » AppCheckCore-dummy.m
› Compiling @react-native-google-signin/google-signin Pods/AppCheckCore » GACAppAttestArtifactStorage.m
› Compiling @react-native-google-signin/google-signin Pods/AppCheckCore » GACAppAttestAPIService.m
› Compiling @react-native-google-signin/google-signin Pods/AppCheckCore » NSURLSession+GACPromises.m
› Compiling @react-native-google-signin/google-signin Pods/AppCheckCore » GACURLSessionDataResponse.m
› Compiling @react-native-google-signin/google-signin Pods/AppCheckCore » GACDeviceCheckProvider.m
› Compiling @react-native-google-signin/google-signin Pods/AppCheckCore » GACDeviceCheckAPIService.m
› Compiling @react-native-google-signin/google-signin Pods/AppCheckCore » GACAppCheckTokenResult.m
› Compiling @react-native-google-signin/google-signin Pods/AppCheckCore » GACAppCheckTokenRefresher.m
› Compiling @react-native-google-signin/google-signin Pods/AppCheckCore » GACAppCheckTokenRefreshResult.m
› Compiling @react-native-google-signin/google-signin Pods/AppCheckCore » GACAppCheckToken.m
› Compiling @react-native-google-signin/google-signin Pods/AppCheckCore » GACAppCheckToken+APIResponse.m
› Compiling @react-native-google-signin/google-signin Pods/AppCheckCore » GACAppCheckTimer.m
› Compiling @react-native-google-signin/google-signin Pods/AppCheckCore » GACAppCheckStoredToken.m
› Compiling @react-native-google-signin/google-signin Pods/AppCheckCore » GACAppCheckStoredToken+GACAppCheckToken.m
› Compiling @react-native-google-signin/google-signin Pods/AppCheckCore » GACAppCheckStorage.m
› Compiling @react-native-google-signin/google-signin Pods/AppCheckCore » GACAppCheckSettings.m
› Compiling @react-native-google-signin/google-signin Pods/AppCheckCore » GACAppCheckLogger.m
› Compiling @react-native-google-signin/google-signin Pods/AppCheckCore » GACAppCheckHTTPError.m
› Compiling @react-native-google-signin/google-signin Pods/AppCheckCore » GACAppCheckErrors.m
› Compiling @react-native-google-signin/google-signin Pods/AppCheckCore » GACAppCheckErrorUtil.m
› Compiling @react-native-google-signin/google-signin Pods/AppCheckCore » GACAppCheckDebugProviderAPIService.m
› Compiling @react-native-google-signin/google-signin Pods/AppCheckCore » GACAppCheckDebugProvider.m
› Compiling @react-native-google-signin/google-signin Pods/AppCheckCore » GACAppCheckCryptoUtils.m
› Compiling @react-native-google-signin/google-signin Pods/AppCheckCore » GACAppCheckBackoffWrapper.m
› Compiling @react-native-google-signin/google-signin Pods/AppCheckCore » GACAppCheckAPIService.m
› Compiling @react-native-google-signin/google-signin Pods/AppCheckCore » GACAppCheck.m
› Compiling @react-native-google-signin/google-signin Pods/AppCheckCore » GACAppAttestStoredArtifact.m
› Compiling @react-native-google-signin/google-signin Pods/AppCheckCore » GACAppAttestRejectionError.m
› Compiling @react-native-google-signin/google-signin Pods/AppCheckCore » GACAppAttestProviderState.m
› Compiling @react-native-google-signin/google-signin Pods/AppCheckCore » GACAppAttestProvider.m
› Compiling @react-native-google-signin/google-signin Pods/AppCheckCore » GACAppAttestKeyIDStorage.m
› Compiling @react-native-google-signin/google-signin Pods/AppCheckCore » GACAppAttestAttestationResponse.m
› Compiling @react-native-google-signin/google-signin Pods/AppCheckCore » DCDevice+GACDeviceCheckTokenGenerator.m
› Compiling @react-native-google-signin/google-signin Pods/AppCheckCore » DCAppAttestService+GACAppAttestService.m
› Preparing Pods/GoogleUtilities-GoogleUtilities_Privacy » ResourceBundle-GoogleUtilities_Privacy-GoogleUtilities-Info.plist
› Preparing GoMeal/NotificationServiceExtension » Info.plist
› Linking   GoMeal/NotificationServiceExtension » NotificationServiceExtension.debug.dylib
› Packaging @react-native-google-signin/google-signin Pods/AppCheckCore » libAppCheckCore.a
› Executing @react-native-google-signin/google-signin Pods/AppCheckCore » Copy generated compatibility header
› Linking   GoMeal/NotificationServiceExtension » NotificationServiceExtension
› Executing react-native Pods/hermes-engine » [CP-User] [Hermes] Replace Hermes for the right configuration, if needed
› Linking   GoMeal/NotificationServiceExtension » __preview.dylib
› Signing   GoMeal/NotificationServiceExtension » NotificationServiceExtension.debug.dylib
› Executing react-native Pods/hermes-engine » [CP] Copy XCFrameworks
› Signing   GoMeal/NotificationServiceExtension » __preview.dylib
› Executing react-native Pods/RCTSwiftUI » Copy generated compatibility header
› Signing   GoMeal/NotificationServiceExtension » NotificationServiceExtension.appex
› Preparing Pods/RCT-Folly-RCT-Folly_privacy » ResourceBundle-RCT-Folly_privacy-RCT-Folly-Info.plist
› Preparing Pods/boost-boost_privacy » ResourceBundle-boost_privacy-boost-Info.plist
› Preparing Pods/glog-glog_privacy » ResourceBundle-glog_privacy-glog-Info.plist
› Preparing Pods/React-Core-React-Core_privacy » ResourceBundle-React-Core_privacy-React-Core-Info.plist
› Preparing Pods/React-cxxreact-React-cxxreact_privacy » ResourceBundle-React-cxxreact_privacy-React-cxxreact-Info.plist
› Compiling react-native Pods/React-hermes » ConnectionDemux.cpp
› Preparing Pods/AppAuth-AppAuthCore_Privacy » ResourceBundle-AppAuthCore_Privacy-AppAuth-Info.plist
› Preparing Pods/EXApplication-ExpoApplication_privacy » ResourceBundle-ExpoApplication_privacy-EXApplication-Info.plist
› Compiling react-native Pods/React-hermes » HermesRuntimeTargetDelegate.cpp
› Compiling react-native Pods/React-hermes » Registration.cpp
› Compiling react-native Pods/React-hermes » HermesRuntimeAgentDelegate.cpp
› Compiling react-native Pods/React-hermes » HermesExecutorFactory.cpp
› Compiling react-native Pods/React-hermes » HermesRuntimeSamplingProfileSerializer.cpp
› Packaging react-native Pods/React-hermes » libReact-hermes.a
› Compiling react-native Pods/React-Core » RCTCxxBridge.mm
› Packaging react-native Pods/React-Core » libReact-Core.a
› Compiling expo-modules-core Pods/ExpoModulesJSI » EXJavaScriptRuntime.mm
› Executing react-native Pods/React-RCTFBReactNativeSpec » [CP-User] [RN]Check FBReactNativeSpec
› Compiling react-native Pods/RCTSwiftUIWrapper » RCTSwiftUIWrapper-dummy.m
› Compiling react-native Pods/RCTSwiftUIWrapper » RCTSwiftUIContainerViewWrapper.m
› Packaging react-native Pods/RCTSwiftUIWrapper » libRCTSwiftUIWrapper.a
› Compiling react-native Pods/React-RCTFabric » React-RCTFabric-dummy.m
› Packaging react-native Pods/React-RCTFabric » libReact-RCTFabric.a
› Compiling react-native Pods/React-RuntimeHermes » HermesInstance.cpp
› Packaging expo-modules-core Pods/ExpoModulesJSI » libExpoModulesJSI.a
› Packaging react-native Pods/React-RuntimeHermes » libReact-RuntimeHermes.a
› Compiling react-native Pods/React-RuntimeApple » RCTHermesInstance.mm
› Compiling react-native Pods/React-RuntimeApple » React-RuntimeApple-dummy.m
› Packaging react-native Pods/React-RuntimeApple » libReact-RuntimeApple.a
› Compiling react-native Pods/React-RCTRuntime » RCTHermesInstanceFactory.mm
› Compiling react-native Pods/React-RCTRuntime » React-RCTRuntime-dummy.m
› Packaging react-native Pods/React-RCTRuntime » libReact-RCTRuntime.a
› Compiling react-native Pods/React-RCTAppDelegate » RCTAppDelegate.mm
› Compiling react-native Pods/React-RCTAppDelegate » RCTRootViewFactory.mm
› Compiling react-native Pods/React-RCTAppDelegate » RCTDefaultReactNativeFactoryDelegate.mm
› Compiling react-native Pods/React-RCTAppDelegate » RCTAppSetupUtils.mm
› Compiling react-native Pods/React-RCTAppDelegate » React-RCTAppDelegate-dummy.m
› Compiling react-native Pods/React-RCTAppDelegate » RCTReactNativeFactory.mm
› Packaging react-native Pods/React-RCTAppDelegate » libReact-RCTAppDelegate.a
› Executing app Pods/ReactCodegen » [CP-User] Generate Specs
› Compiling app Pods/ReactCodegen » RCTModuleProviders.mm
› Compiling app Pods/ReactCodegen » RCTThirdPartyComponentsProvider.mm
› Compiling app Pods/ReactCodegen » RCTUnstableModulesRequiringMainQueueSetupProvider.mm
› Compiling app Pods/ReactCodegen » RCTModulesConformingToProtocolsProvider.mm
› Compiling app Pods/ReactCodegen » ReactCodegen-dummy.m
› Packaging app Pods/ReactCodegen » libReactCodegen.a
› Compiling react-native-worklets Pods/RNWorklets » JSIWorkletsModuleProxy.cpp
› Compiling expo-modules-core Pods/ExpoModulesCore » EXModuleRegistryAdapter.m
› Compiling expo-modules-core Pods/ExpoModulesCore » EXUtilities.m
› Compiling expo-modules-core Pods/ExpoModulesCore » ExpoModulesCore-dummy.m
› Compiling expo-modules-core Pods/ExpoModulesCore » EXAppContextFactoryRegistry.m
› Compiling expo-modules-core Pods/ExpoModulesCore » EXSingletonModule.m
› Compiling expo-modules-core Pods/ExpoModulesCore » EXAppDefines.m
› Compiling expo-modules-core Pods/ExpoModulesCore » EXPermissionsMethodsDelegate.m
› Compiling expo-modules-core Pods/ExpoModulesCore » EXPermissionsService.m
› Compiling expo-modules-core Pods/ExpoModulesCore » EXReactNativeUserNotificationCenterProxy.m
› Compiling expo-modules-core Pods/ExpoModulesCore » EXModuleRegistryProvider.m
› Compiling expo-modules-core Pods/ExpoModulesCore » EXModuleRegistryHolderReactModule.m
› Compiling expo-modules-core Pods/ExpoModulesCore » EXModuleRegistry.m
› Compiling expo-modules-core Pods/ExpoModulesCore » EXImageLoader.m
› Compiling expo-modules-core Pods/ExpoModulesCore » EXExportedModule.m
› Compiling expo-modules-core Pods/ExpoModulesCore » CoreModuleHelper.m
› Compiling react-native-worklets Pods/RNWorklets » RuntimeManager.cpp
› Compiling react-native-worklets Pods/RNWorklets » WorkletsModule.mm
› Compiling react-native-worklets Pods/RNWorklets » WorkletsModuleProxy.cpp
› Compiling react-native-worklets Pods/RNWorklets » WorkletHermesRuntime.cpp
› Compiling react-native-worklets Pods/RNWorklets » WorkletRuntime.cpp
› Compiling react-native-worklets Pods/RNWorklets » RNRuntimeWorkletDecorator.cpp
› Compiling react-native-worklets Pods/RNWorklets » RNWorklets-dummy.m
› Packaging react-native-worklets Pods/RNWorklets » libRNWorklets.a
› Packaging expo-modules-core Pods/ExpoModulesCore » libExpoModulesCore.a
› Executing expo-modules-core Pods/ExpoModulesCore » Copy generated compatibility header
› Compiling expo-application Pods/EXApplication » EXApplication-dummy.m
› Compiling expo-application Pods/EXApplication » EXProvisioningProfile.m
› Packaging expo-application Pods/EXApplication » libEXApplication.a
› Executing expo-application Pods/EXApplication » Copy generated compatibility header
› Preparing expo-constants Pods/EXConstants-EXConstants » ResourceBundle-EXConstants-EXConstants-Info.plist
› Preparing Pods/EXConstants-ExpoConstants_privacy » ResourceBundle-ExpoConstants_privacy-EXConstants-Info.plist
› Executing expo-constants Pods/EXConstants » [CP-User] Generate app.config for prebuilt Constants.manifest
› Compiling expo-constants Pods/EXConstants » EXConstants-dummy.m
› Compiling expo-constants Pods/EXConstants » EXConstantsInstallationIdProvider.m
› Compiling expo-constants Pods/EXConstants » EXConstantsService.m
› Packaging expo-constants Pods/EXConstants » libEXConstants.a
› Executing expo-constants Pods/EXConstants » Copy generated compatibility header
› Compiling app Pods/ReactAppDependencyProvider » RCTAppDependencyProvider.mm
› Compiling app Pods/ReactAppDependencyProvider » ReactAppDependencyProvider-dummy.m
› Packaging app Pods/ReactAppDependencyProvider » libReactAppDependencyProvider.a
› Compiling expo Pods/Expo » ExpoReactNativeFactory.mm
› Compiling expo Pods/Expo » EXReactRootViewFactory.mm
› Compiling expo Pods/Expo » Expo-dummy.m
› Compiling expo Pods/Expo » EXLegacyAppDelegateWrapper.m
› Compiling expo Pods/Expo » EXAppDelegatesLoader.m
› Compiling expo Pods/Expo » EXAppDefinesLoader.m
› Packaging expo Pods/Expo » libExpo.a
› Executing expo Pods/Expo » Copy generated compatibility header
› Preparing Pods/GTMAppAuth-GTMAppAuth_Privacy » ResourceBundle-GTMAppAuth_Privacy-GTMAppAuth-Info.plist
› Preparing Pods/GTMSessionFetcher-GTMSessionFetcher_Core_Privacy » ResourceBundle-GTMSessionFetcher_Core_Privacy-GTMSessionFetcher-Info.plist
› Executing @react-native-google-signin/google-signin Pods/GTMAppAuth » Copy generated compatibility header
› Preparing @react-native-google-signin/google-signin Pods/GoogleSignIn-GoogleSignIn » ResourceBundle-GoogleSignIn-GoogleSignIn-Info.plist
› Compiling @react-native-google-signin/google-signin Pods/GoogleSignIn » GoogleSignIn-dummy.m
› Compiling @react-native-google-signin/google-signin Pods/GoogleSignIn » GIDTimedLoader.m
› Compiling @react-native-google-signin/google-signin Pods/GoogleSignIn » NSBundle+GID3PAdditions.m
› Compiling @react-native-google-signin/google-signin Pods/GoogleSignIn » GIDToken.m
› Compiling @react-native-google-signin/google-signin Pods/GoogleSignIn » GIDSignInResult.m
› Compiling @react-native-google-signin/google-signin Pods/GoogleSignIn » GIDSignInStrings.m
› Compiling @react-native-google-signin/google-signin Pods/GoogleSignIn » GIDSignInPreferences.m
› Compiling @react-native-google-signin/google-signin Pods/GoogleSignIn » GIDSignInInternalOptions.m
› Compiling @react-native-google-signin/google-signin Pods/GoogleSignIn » GIDSignInCallbackSchemes.m
› Compiling @react-native-google-signin/google-signin Pods/GoogleSignIn » GIDSignInButton.m
› Compiling @react-native-google-signin/google-signin Pods/GoogleSignIn » GIDScopes.m
› Compiling @react-native-google-signin/google-signin Pods/GoogleSignIn » GIDProfileData.m
› Compiling @react-native-google-signin/google-signin Pods/GoogleSignIn » GIDMDMPasscodeState.m
› Compiling @react-native-google-signin/google-signin Pods/GoogleSignIn » GIDMDMPasscodeCache.m
› Compiling @react-native-google-signin/google-signin Pods/GoogleSignIn » GIDJSONSerializerImpl.m
› Compiling @react-native-google-signin/google-signin Pods/GoogleSignIn » GIDFakeJSONSerializerImpl.m
› Compiling @react-native-google-signin/google-signin Pods/GoogleSignIn » GIDFakeAuthStateMigration.m
› Compiling @react-native-google-signin/google-signin Pods/GoogleSignIn » GIDEMMErrorHandler.m
› Compiling @react-native-google-signin/google-signin Pods/GoogleSignIn » GIDConfiguration.m
› Compiling @react-native-google-signin/google-signin Pods/GoogleSignIn » GIDClaimsInternalOptions.m
› Compiling @react-native-google-signin/google-signin Pods/GoogleSignIn » GIDClaim.m
› Compiling @react-native-google-signin/google-signin Pods/GoogleSignIn » GIDCallbackQueue.m
› Compiling @react-native-google-signin/google-signin Pods/GoogleSignIn » GIDAuthentication.m
› Compiling @react-native-google-signin/google-signin Pods/GoogleSignIn » GIDAppCheckProviderFake.m
› Compiling @react-native-google-signin/google-signin Pods/GoogleSignIn » GIDAppCheck.m
› Compiling @react-native-google-signin/google-signin Pods/GoogleSignIn » GIDActivityIndicatorViewController.m
› Compiling @react-native-google-signin/google-signin Pods/GoogleSignIn » GIDSignIn.m
› Compiling @react-native-google-signin/google-signin Pods/GoogleSignIn » GIDGoogleUser.m
› Compiling @react-native-google-signin/google-signin Pods/GoogleSignIn » GIDAuthStateMigration.m
› Compiling @react-native-google-signin/google-signin Pods/GoogleSignIn » GIDEMMSupport.m
› Packaging @react-native-google-signin/google-signin Pods/GoogleSignIn » libGoogleSignIn.a
› Compiling @react-native-google-signin/google-signin Pods/ExpoAdapterGoogleSignIn » ExpoAdapterGoogleSignIn-dummy.m
› Packaging @react-native-google-signin/google-signin Pods/ExpoAdapterGoogleSignIn » libExpoAdapterGoogleSignIn.a
› Executing @react-native-google-signin/google-signin Pods/ExpoAdapterGoogleSignIn » Copy generated compatibility header
› Compiling expo-apple-authentication Pods/ExpoAppleAuthentication » ExpoAppleAuthentication-dummy.m
› Packaging expo-apple-authentication Pods/ExpoAppleAuthentication » libExpoAppleAuthentication.a
› Executing expo-apple-authentication Pods/ExpoAppleAuthentication » Copy generated compatibility header
› Compiling expo-asset Pods/ExpoAsset » ExpoAsset-dummy.m
› Packaging expo-asset Pods/ExpoAsset » libExpoAsset.a
› Executing expo-asset Pods/ExpoAsset » Copy generated compatibility header
› Compiling expo-blur Pods/ExpoBlur » ExpoBlur-dummy.m
› Packaging expo-blur Pods/ExpoBlur » libExpoBlur.a
› Executing expo-blur Pods/ExpoBlur » Copy generated compatibility header
› Compiling expo-camera Pods/ExpoCamera » ExpoCamera-dummy.m
› Packaging expo-camera Pods/ExpoCamera » libExpoCamera.a
› Executing expo-camera Pods/ExpoCamera » Copy generated compatibility header
› Compiling expo-camera Pods/ExpoCameraBarcodeScanning » ExpoCameraBarcodeScanning-dummy.m
› Packaging expo-camera Pods/ExpoCameraBarcodeScanning » libExpoCameraBarcodeScanning.a
› Executing expo-camera Pods/ExpoCameraBarcodeScanning » Copy generated compatibility header
› Compiling expo-clipboard Pods/ExpoClipboard » ExpoClipboard-dummy.m
› Packaging expo-clipboard Pods/ExpoClipboard » libExpoClipboard.a
› Executing expo-clipboard Pods/ExpoClipboard » Copy generated compatibility header
› Preparing Pods/ExpoDevice-ExpoDevice_privacy » ResourceBundle-ExpoDevice_privacy-ExpoDevice-Info.plist
› Compiling expo-device Pods/ExpoDevice » ExpoDevice-dummy.m
› Packaging expo-device Pods/ExpoDevice » libExpoDevice.a
› Executing expo-device Pods/ExpoDevice » Copy generated compatibility header
› Compiling @expo/dom-webview Pods/ExpoDomWebView » ExpoDomWebView-dummy.m
› Packaging @expo/dom-webview Pods/ExpoDomWebView » libExpoDomWebView.a
› Executing @expo/dom-webview Pods/ExpoDomWebView » Copy generated compatibility header
› Preparing Pods/ExpoFileSystem-ExpoFileSystem_privacy » ResourceBundle-ExpoFileSystem_privacy-ExpoFileSystem-Info.plist
› Compiling expo-file-system Pods/ExpoFileSystem » ExpoFileSystem-dummy.m
› Compiling expo-file-system Pods/ExpoFileSystem » NSData+EXFileSystem.m
› Compiling expo-file-system Pods/ExpoFileSystem » EXTaskHandlersManager.m
› Compiling expo-file-system Pods/ExpoFileSystem » EXSessionUploadTaskDelegate.m
› Compiling expo-file-system Pods/ExpoFileSystem » EXSessionTaskDispatcher.m
› Compiling expo-file-system Pods/ExpoFileSystem » EXSessionTaskDelegate.m
› Compiling expo-file-system Pods/ExpoFileSystem » EXSessionResumableDownloadTaskDelegate.m
› Compiling expo-file-system Pods/ExpoFileSystem » EXSessionHandler.m
› Compiling expo-file-system Pods/ExpoFileSystem » EXSessionDownloadTaskDelegate.m
› Compiling expo-file-system Pods/ExpoFileSystem » EXSessionCancelableUploadTaskDelegate.m
› Compiling expo-file-system Pods/ExpoFileSystem » EXFileSystemLocalFileHandler.m
› Compiling expo-file-system Pods/ExpoFileSystem » EXFileSystemAssetLibraryHandler.m
› Packaging expo-file-system Pods/ExpoFileSystem » libExpoFileSystem.a
› Executing expo-file-system Pods/ExpoFileSystem » Copy generated compatibility header
› Compiling expo-font Pods/ExpoFont » ExpoFont-dummy.m
› Packaging expo-font Pods/ExpoFont » libExpoFont.a
› Executing expo-font Pods/ExpoFont » Copy generated compatibility header
› Compiling expo-gl Pods/ExpoGL » ExpoGL-dummy.m
› Packaging expo-gl Pods/ExpoGL » libExpoGL.a
› Executing expo-gl Pods/ExpoGL » Copy generated compatibility header
› Compiling expo-glass-effect Pods/ExpoGlassEffect » ExpoGlassEffect-dummy.m
› Packaging expo-glass-effect Pods/ExpoGlassEffect » libExpoGlassEffect.a
› Executing expo-glass-effect Pods/ExpoGlassEffect » Copy generated compatibility header
› Compiling expo-haptics Pods/ExpoHaptics » ExpoHaptics-dummy.m
› Packaging expo-haptics Pods/ExpoHaptics » libExpoHaptics.a
› Executing expo-haptics Pods/ExpoHaptics » Copy generated compatibility header
› Preparing expo-image Pods/SDWebImage-SDWebImage » ResourceBundle-SDWebImage-SDWebImage-Info.plist
› Compiling expo-image Pods/ExpoImage » ExpoImage-dummy.m
› Packaging expo-image Pods/ExpoImage » libExpoImage.a
› Executing expo-image Pods/ExpoImage » Copy generated compatibility header
› Compiling expo-image-picker Pods/ExpoImagePicker » ExpoImagePicker-dummy.m
› Packaging expo-image-picker Pods/ExpoImagePicker » libExpoImagePicker.a
› Executing expo-image-picker Pods/ExpoImagePicker » Copy generated compatibility header
› Compiling expo-keep-awake Pods/ExpoKeepAwake » ExpoKeepAwake-dummy.m
› Packaging expo-keep-awake Pods/ExpoKeepAwake » libExpoKeepAwake.a
› Executing expo-keep-awake Pods/ExpoKeepAwake » Copy generated compatibility header
› Compiling expo-linear-gradient Pods/ExpoLinearGradient » ExpoLinearGradient-dummy.m
› Packaging expo-linear-gradient Pods/ExpoLinearGradient » libExpoLinearGradient.a
› Executing expo-linear-gradient Pods/ExpoLinearGradient » Copy generated compatibility header
› Compiling expo-linking Pods/ExpoLinking » ExpoLinking-dummy.m
› Packaging expo-linking Pods/ExpoLinking » libExpoLinking.a
› Executing expo-linking Pods/ExpoLinking » Copy generated compatibility header
› Executing @expo/log-box Pods/ExpoLogBox » Copy generated compatibility header
› Preparing Pods/ExpoMediaLibrary-ExpoMediaLibrary_privacy » ResourceBundle-ExpoMediaLibrary_privacy-ExpoMediaLibrary-Info.plist
› Compiling expo-media-library Pods/ExpoMediaLibrary » MediaLibraryImageLoader.m
› Compiling expo-media-library Pods/ExpoMediaLibrary » ExpoMediaLibrary-dummy.m
› Packaging expo-media-library Pods/ExpoMediaLibrary » libExpoMediaLibrary.a
› Executing expo-media-library Pods/ExpoMediaLibrary » Copy generated compatibility header
› Preparing Pods/ExpoNotifications-ExpoNotifications_privacy » ResourceBundle-ExpoNotifications_privacy-ExpoNotifications-Info.plist
› Compiling expo-notifications Pods/ExpoNotifications » ExpoNotifications-dummy.m
› Packaging expo-notifications Pods/ExpoNotifications » libExpoNotifications.a
› Executing expo-notifications Pods/ExpoNotifications » Copy generated compatibility header
› Compiling react-native-screens Pods/RNScreens » RNScreens-dummy.m
› Packaging react-native-screens Pods/RNScreens » libRNScreens.a
› Executing react-native-screens Pods/RNScreens » Copy generated compatibility header
› Compiling expo-router Pods/ExpoRouter » ExpoRouter-dummy.m
› Packaging expo-router Pods/ExpoRouter » libExpoRouter.a
› Executing expo-router Pods/ExpoRouter » Copy generated compatibility header
› Compiling expo-sensors Pods/ExpoSensors » ExpoSensors-dummy.m
› Compiling expo-sensors Pods/ExpoSensors » EXMotionPermissionRequester.m
› Packaging expo-sensors Pods/ExpoSensors » libExpoSensors.a
› Executing expo-sensors Pods/ExpoSensors » Copy generated compatibility header
› Compiling expo-splash-screen Pods/ExpoSplashScreen » ExpoSplashScreen-dummy.m
› Packaging expo-splash-screen Pods/ExpoSplashScreen » libExpoSplashScreen.a
› Executing expo-splash-screen Pods/ExpoSplashScreen » Copy generated compatibility header
› Compiling expo-store-review Pods/ExpoStoreReview » ExpoStoreReview-dummy.m
› Packaging expo-store-review Pods/ExpoStoreReview » libExpoStoreReview.a
› Executing expo-store-review Pods/ExpoStoreReview » Copy generated compatibility header
› Compiling expo-symbols Pods/ExpoSymbols » ExpoSymbols-dummy.m
› Packaging expo-symbols Pods/ExpoSymbols » libExpoSymbols.a
› Executing expo-symbols Pods/ExpoSymbols » Copy generated compatibility header
› Compiling expo-trim-video Pods/ExpoTrimVideo » ExpoTrimVideo-dummy.m
› Packaging expo-trim-video Pods/ExpoTrimVideo » libExpoTrimVideo.a
› Executing expo-trim-video Pods/ExpoTrimVideo » Copy generated compatibility header
› Compiling expo-video Pods/ExpoVideo » ExpoVideo-dummy.m
› Packaging expo-video Pods/ExpoVideo » libExpoVideo.a
› Executing expo-video Pods/ExpoVideo » Copy generated compatibility header
› Compiling expo-web-browser Pods/ExpoWebBrowser » ExpoWebBrowser-dummy.m
› Packaging expo-web-browser Pods/ExpoWebBrowser » libExpoWebBrowser.a
› Executing expo-web-browser Pods/ExpoWebBrowser » Copy generated compatibility header
› Compiling app Pods/GoMealLiveActivity » GoMealLiveActivity-dummy.m
› Packaging app Pods/GoMealLiveActivity » libGoMealLiveActivity.a
› Executing app Pods/GoMealLiveActivity » Copy generated compatibility header
› Executing react-native-pager-view Pods/SwiftUIIntrospect » Copy generated compatibility header
› Preparing Pods/RNCAsyncStorage-RNCAsyncStorage_resources » ResourceBundle-RNCAsyncStorage_resources-RNCAsyncStorage-Info.plist
› Preparing Pods/lottie-ios-LottiePrivacyInfo » ResourceBundle-LottiePrivacyInfo-lottie-ios-Info.plist
› Compiling @react-native-async-storage/async-storage Pods/RNCAsyncStorage » RNCAsyncStorage-dummy.m
› Executing lottie-react-native Pods/lottie-ios » Copy generated compatibility header
› Packaging @react-native-async-storage/async-storage Pods/RNCAsyncStorage » libRNCAsyncStorage.a
› Compiling @react-native-community/datetimepicker Pods/RNDateTimePicker » RNDateTimePicker-dummy.m
› Compiling @react-native-community/datetimepicker Pods/RNDateTimePicker » RNDateTimePickerManager.m
› Compiling @react-native-community/datetimepicker Pods/RNDateTimePicker » RNDateTimePicker.m
› Compiling @react-native-community/datetimepicker Pods/RNDateTimePicker » RNDateTimePickerShadowView.m
› Packaging @react-native-community/datetimepicker Pods/RNDateTimePicker » libRNDateTimePicker.a
› Compiling react-native-gesture-handler Pods/RNGestureHandler » RNFlingHandler.m
› Compiling lottie-react-native Pods/lottie-react-native » lottie-react-native-dummy.m
› Compiling lottie-react-native Pods/lottie-react-native » RCTConvert+Lottie.m
› Compiling lottie-react-native Pods/lottie-react-native » LRNAnimationViewManagerObjC.m
› Preparing Pods/lottie-react-native-Lottie_React_Native_Privacy » ResourceBundle-Lottie_React_Native_Privacy-lottie-react-native-Info.plist
› Compiling react-native-gesture-handler Pods/RNGestureHandler » RNTapHandler.m
› Compiling react-native-gesture-handler Pods/RNGestureHandler » RNRotationHandler.m
› Compiling react-native-gesture-handler Pods/RNGestureHandler » RNPinchHandler.m
› Compiling react-native-gesture-handler Pods/RNGestureHandler » RNPanHandler.m
› Compiling react-native-gesture-handler Pods/RNGestureHandler » RNManualHandler.m
› Compiling react-native-gesture-handler Pods/RNGestureHandler » RNRootViewGestureRecognizer.m
› Compiling react-native-gesture-handler Pods/RNGestureHandler » RNManualActivationRecognizer.m
› Compiling react-native-gesture-handler Pods/RNGestureHandler » RNLongPressHandler.m
› Compiling react-native-gesture-handler Pods/RNGestureHandler » RNHoverHandler.m
› Compiling react-native-gesture-handler Pods/RNGestureHandler » RNGestureHandlerRegistry.m
› Compiling react-native-gesture-handler Pods/RNGestureHandler » RNGestureHandlerPointerTracker.m
› Compiling react-native-gesture-handler Pods/RNGestureHandler » RNGestureHandlerEvents.m
› Compiling react-native-gesture-handler Pods/RNGestureHandler » RNGestureHandler-dummy.m
› Compiling react-native-gesture-handler Pods/RNGestureHandler » RNGHVector.m
› Compiling react-native-gesture-handler Pods/RNGestureHandler » RNGHStylusData.m
› Compiling react-native-gesture-handler Pods/RNGestureHandler » RNForceTouchHandler.m
› Packaging react-native-gesture-handler Pods/RNGestureHandler » libRNGestureHandler.a
› Compiling @react-native-google-signin/google-signin Pods/RNGoogleSignin » RNGoogleSignin-dummy.m
› Packaging @react-native-google-signin/google-signin Pods/RNGoogleSignin » libRNGoogleSignin.a
› Preparing Pods/RNImageCropPicker-QBImagePicker » ResourceBundle-QBImagePicker-RNImageCropPicker-Info.plist
› Preparing Pods/RNImageCropPicker-RNImageCropPickerPrivacyInfo » ResourceBundle-RNImageCropPickerPrivacyInfo-RNImageCropPicker-Info.plist
› Preparing Pods/TOCropViewController-TOCropViewControllerBundle » ResourceBundle-TOCropViewControllerBundle-TOCropViewController-Info.plist
› Packaging lottie-react-native Pods/lottie-react-native » liblottie-react-native.a
› Compiling react-native-image-crop-picker Pods/RNImageCropPicker » Compression.m
› Executing lottie-react-native Pods/lottie-react-native » Copy generated compatibility header
› Compiling react-native-image-crop-picker Pods/RNImageCropPicker » UIImage+Resize.m
› Compiling react-native-image-crop-picker Pods/RNImageCropPicker » UIImage+Extension.m
› Compiling react-native-image-crop-picker Pods/RNImageCropPicker » QBVideoIconView.m
› Compiling react-native-image-crop-picker Pods/RNImageCropPicker » QBVideoIndicatorView.m
› Compiling react-native-image-crop-picker Pods/RNImageCropPicker » QBSlomoIconView.m
› Compiling react-native-image-crop-picker Pods/RNImageCropPicker » RNImageCropPicker-dummy.m
› Compiling react-native-image-crop-picker Pods/RNImageCropPicker » QBAssetCell.m
› Compiling react-native-image-crop-picker Pods/RNImageCropPicker » QBCheckmarkView.m
› Compiling react-native-image-crop-picker Pods/RNImageCropPicker » QBAlbumCell.m
› Compiling react-native-image-crop-picker Pods/RNImageCropPicker » QBImagePickerController.m
› Compiling react-native-image-crop-picker Pods/RNImageCropPicker » QBAssetsViewController.m
› Compiling react-native-image-crop-picker Pods/RNImageCropPicker » QBAlbumsViewController.m
› Packaging react-native-image-crop-picker Pods/RNImageCropPicker » libRNImageCropPicker.a
› Compiling react-native-reanimated Pods/RNReanimated » LayoutAnimationsProxy_Experimental.cpp
› Compiling react-native-keyboard-controller Pods/react-native-keyboard-controller » react-native-keyboard-controller-dummy.m
› Compiling react-native-keyboard-controller Pods/react-native-keyboard-controller » UITextView+DelegateManager.m
› Compiling react-native-keyboard-controller Pods/react-native-keyboard-controller » RCTUIManager+LayoutAnimationManager.m
› Compiling react-native-keyboard-controller Pods/react-native-keyboard-controller » NSObject+SafeKVC.m
› Compiling react-native-keyboard-controller Pods/react-native-keyboard-controller » KeyboardMoveEvent.m
› Compiling react-native-keyboard-controller Pods/react-native-keyboard-controller » FocusedInputTextChangedEvent.m
› Compiling react-native-keyboard-controller Pods/react-native-keyboard-controller » FocusedInputSelectionChangedEvent.m
› Compiling react-native-keyboard-controller Pods/react-native-keyboard-controller » FocusedInputLayoutChangedEvent.m
› Packaging react-native-keyboard-controller Pods/react-native-keyboard-controller » libreact-native-keyboard-controller.a
› Executing react-native-keyboard-controller Pods/react-native-keyboard-controller » Copy generated compatibility header
› Compiling react-native-pager-view Pods/react-native-pager-view » react-native-pager-view-dummy.m
› Compiling react-native-pager-view Pods/react-native-pager-view » RCTOnPageScrollEvent.m
› Packaging react-native-pager-view Pods/react-native-pager-view » libreact-native-pager-view.a
› Executing react-native-pager-view Pods/react-native-pager-view » Copy generated compatibility header
› Compiling react-native-reanimated Pods/RNReanimated » RNRuntimeDecorator.cpp
› Compiling react-native-reanimated Pods/RNReanimated » ReanimatedModuleProxy.cpp
› Compiling react-native-reanimated Pods/RNReanimated » NativeProxy.mm
› Compiling react-native-reanimated Pods/RNReanimated » ReanimatedModule.mm
› Compiling react-native-reanimated Pods/RNReanimated » LayoutAnimationsProxy_Legacy.cpp
› Compiling react-native-reanimated Pods/RNReanimated » ReanimatedSensorContainer.m
› Compiling react-native-reanimated Pods/RNReanimated » ReanimatedSensor.m
› Compiling react-native-reanimated Pods/RNReanimated » RNReanimated-dummy.m
› Compiling react-native-reanimated Pods/RNReanimated » RCTUIView+Reanimated.m
› Packaging react-native-reanimated Pods/RNReanimated » libRNReanimated.a
› Preparing Pods/RNSVG-RNSVGFilters » ResourceBundle-RNSVGFilters-RNSVG-Info.plist
› Compiling react-native-svg Pods/RNSVG » RNSVG-dummy.m
› Packaging react-native-svg Pods/RNSVG » libRNSVG.a
› Compiling react-native-safe-area-context Pods/react-native-safe-area-context » RNCOnInsetsChangeEvent.m
› Compiling react-native-safe-area-context Pods/react-native-safe-area-context » react-native-safe-area-context-dummy.m
› Compiling react-native-safe-area-context Pods/react-native-safe-area-context » RNCSafeAreaViewMode.m
› Compiling react-native-safe-area-context Pods/react-native-safe-area-context » RNCSafeAreaViewManager.m
› Compiling react-native-safe-area-context Pods/react-native-safe-area-context » RNCSafeAreaViewLocalData.m
› Compiling react-native-safe-area-context Pods/react-native-safe-area-context » RNCSafeAreaViewEdges.m
› Compiling react-native-safe-area-context Pods/react-native-safe-area-context » RNCSafeAreaView.m
› Compiling react-native-safe-area-context Pods/react-native-safe-area-context » RNCSafeAreaViewEdgeMode.m
› Compiling react-native-safe-area-context Pods/react-native-safe-area-context » RNCSafeAreaShadowView.m
› Compiling react-native-safe-area-context Pods/react-native-safe-area-context » RNCSafeAreaUtils.m
› Compiling react-native-safe-area-context Pods/react-native-safe-area-context » RNCSafeAreaProviderManager.m
› Compiling react-native-safe-area-context Pods/react-native-safe-area-context » RNCSafeAreaProvider.m
› Packaging react-native-safe-area-context Pods/react-native-safe-area-context » libreact-native-safe-area-context.a
› Compiling react-native-view-shot Pods/react-native-view-shot » react-native-view-shot-dummy.m
› Packaging react-native-view-shot Pods/react-native-view-shot » libreact-native-view-shot.a
› Compiling Pods/Pods-GoMeal » Pods-GoMeal-dummy.m
› Packaging Pods/Pods-GoMeal » libPods-GoMeal.a
› Executing GoMeal » [CP] Check Pods Manifest.lock
› Executing GoMeal » [Expo] Configure project
› Compiling GoMeal » GoMeal_vers.c
› Linking   GoMeal » GoMeal.debug.dylib
⚠️  ld: ignoring duplicate libraries: '-lc++'
› Linking   GoMeal » GoMeal
› Linking   GoMeal » __preview.dylib
› Executing GoMeal » Bundle React Native code and images
› Executing GoMeal » [CP] Embed Pods Frameworks
› Executing GoMeal » [CP] Copy Pods Resources
› Preparing GoMeal » Info.plist
› Generating debug GoMeal » GoMeal.app.dSYM
› Generating debug GoMeal » GoMeal.app.dSYM
› Signing   GoMeal » GoMeal.debug.dylib
› Signing   GoMeal » __preview.dylib
› Signing   GoMeal » GoMeal.app
    The CFBundleVersion of an app extension ('5') must match that of its containing parent app ('30').
    The CFBundleVersion of an app extension ('5') must match that of its containing parent app ('30').
⚠️  Pods/PromisesObjC-FBLPromises_Privacy: iOS@9.0 deployment version mismatch, expected >= 2.0 <= 26.2.99
⚠️  Pods/PromisesSwift-Promises_Privacy: iOS@9.0 deployment version mismatch, expected >= 2.0 <= 26.2.99
⚠️  Pods/GTMSessionFetcher-GTMSessionFetcher_Core_Privacy: iOS@10.0 deployment version mismatch, expected >= 2.0 <= 26.2.99
⚠️  Pods/SDWebImage-SDWebImage: iOS@9.0 deployment version mismatch, expected >= 2.0 <= 26.2.99
⚠️  Pods/RNImageCropPicker-QBImagePicker: iOS@8.0 deployment version mismatch, expected >= 2.0 <= 26.2.99
⚠️  Pods/RNImageCropPicker-RNImageCropPickerPrivacyInfo: iOS@8.0 deployment version mismatch, expected >= 2.0 <= 26.2.99
› Build Succeeded

› 0 error(s), and 9 warning(s)

Starting Metro Bundler

Waiting on http://localhost:8081
› Installing /Users/tjakintan/Library/Developer/Xcode/DerivedData/GoMeal-bzfozhycpruhxagsopmzdtilptah/Build/Products/Debug-iphoneos/GoMeal.app
- GeneratingApplicationMap
✔ Complete 100%

› Logs for your project will appear below.
iOS node_modules/expo-router/entry.js ░░░░░░░░░░░░░░░░  0.0% (0/1)
iOS node_modules/expo-router/entry.js ▓▓▓▓▓▓▓░░░░░░░░░ 48.5% ( 854/1226)
iOS node_modules/expo-router/entry.js ▓▓▓▓▓▓▓▓▓▓▓░░░░░ 74.9% (1800/2172)
iOS Bundled 9199ms node_modules/expo-router/entry.js (2768 modules)
 WARN  Require cycle: provider/ThemeProvider.tsx -> stores/useTheme.tsx -> stores/useSettings.ts -> types/index.js -> types/food.types.ts -> icons/Icon.tsx -> types/layout.types.ts -> tags/ReelTag.tsx -> media/media.tsx -> provider/ThemeProvider.tsx

Require cycles are allowed, but can result in uninitialized values. Consider refactoring to remove the need for a cycle.
 WARN  Require cycle: types/layout.types.ts -> tags/ReelTag.tsx -> media/media.tsx -> icons/video_icon.tsx -> types/layout.types.ts

Require cycles are allowed, but can result in uninitialized values. Consider refactoring to remove the need for a cycle.
 WARN  Require cycle: stores/useSettings.ts -> types/index.js -> types/food.types.ts -> icons/Icon.tsx -> types/layout.types.ts -> tags/ReelTag.tsx -> media/media.tsx -> stores/useSettings.ts

Require cycles are allowed, but can result in uninitialized values. Consider refactoring to remove the need for a cycle.
 WARN  Require cycle: provider/ThemeProvider.tsx -> stores/useTheme.tsx -> stores/useSettings.ts -> types/index.js -> types/food.types.ts -> icons/Icon.tsx -> types/layout.types.ts -> tags/ReelTag.tsx -> provider/ThemeProvider.tsx

Require cycles are allowed, but can result in uninitialized values. Consider refactoring to remove the need for a cycle.
 WARN  Require cycle: stores/useReel.ts -> stores/useFeed.ts -> stores/useReel.ts

Require cycles are allowed, but can result in uninitialized values. Consider refactoring to remove the need for a cycle.
 WARN  Require cycle: api/socket.ts -> sections/settings/UserSettings.tsx -> api/socket.ts

Require cycles are allowed, but can result in uninitialized values. Consider refactoring to remove the need for a cycle.
 WARN  Require cycle: provider/ThemeProvider.tsx -> stores/useTheme.tsx -> stores/useSettings.ts -> types/index.js -> types/food.types.ts -> icons/Icon.tsx -> types/layout.types.ts -> tags/ReelTag.tsx -> stores/useReel.ts -> stores/useFeed.ts -> api/feed.api.ts -> api/api.ts -> api/socket.ts -> sections/settings/UserSettings.tsx -> components/ButtonComponent.tsx -> provider/ThemeProvider.tsx

Require cycles are allowed, but can result in uninitialized values. Consider refactoring to remove the need for a cycle.
 WARN  Require cycle: types/layout.types.ts -> tags/ReelTag.tsx -> stores/useReel.ts -> stores/useFeed.ts -> api/feed.api.ts -> api/api.ts -> api/socket.ts -> sections/settings/UserSettings.tsx -> components/ButtonComponent.tsx -> types/layout.types.ts

Require cycles are allowed, but can result in uninitialized values. Consider refactoring to remove the need for a cycle.
 WARN  Require cycle: provider/ThemeProvider.tsx -> stores/useTheme.tsx -> stores/useSettings.ts -> types/index.js -> types/food.types.ts -> icons/Icon.tsx -> types/layout.types.ts -> tags/ReelTag.tsx -> stores/useReel.ts -> stores/useFeed.ts -> api/feed.api.ts -> api/api.ts -> api/socket.ts -> sections/settings/UserSettings.tsx -> components/ButtonComponent.tsx -> components/InputComponent.tsx -> provider/ThemeProvider.tsx

Require cycles are allowed, but can result in uninitialized values. Consider refactoring to remove the need for a cycle.
 WARN  Require cycle: components/ButtonComponent.tsx -> components/InputComponent.tsx -> components/ButtonComponent.tsx

Require cycles are allowed, but can result in uninitialized values. Consider refactoring to remove the need for a cycle.
 WARN  Require cycle: stores/useSettings.ts -> types/index.js -> types/food.types.ts -> icons/Icon.tsx -> types/layout.types.ts -> tags/ReelTag.tsx -> stores/useReel.ts -> stores/useFeed.ts -> api/feed.api.ts -> api/api.ts -> api/socket.ts -> sections/settings/UserSettings.tsx -> components/ButtonComponent.tsx -> stores/useSettings.ts

Require cycles are allowed, but can result in uninitialized values. Consider refactoring to remove the need for a cycle.
 WARN  Require cycle: icons/Icon.tsx -> types/layout.types.ts -> tags/ReelTag.tsx -> stores/useReel.ts -> stores/useFeed.ts -> api/feed.api.ts -> api/api.ts -> api/socket.ts -> sections/settings/UserSettings.tsx -> components/ButtonComponent.tsx -> icons/Icon.tsx

Require cycles are allowed, but can result in uninitialized values. Consider refactoring to remove the need for a cycle.
 WARN  Require cycle: provider/ThemeProvider.tsx -> stores/useTheme.tsx -> stores/useSettings.ts -> types/index.js -> types/food.types.ts -> icons/Icon.tsx -> types/layout.types.ts -> tags/ReelTag.tsx -> stores/useReel.ts -> stores/useFeed.ts -> api/feed.api.ts -> api/api.ts -> api/socket.ts -> sections/settings/UserSettings.tsx -> provider/ThemeProvider.tsx

Require cycles are allowed, but can result in uninitialized values. Consider refactoring to remove the need for a cycle.
 WARN  Require cycle: icons/Icon.tsx -> types/layout.types.ts -> tags/ReelTag.tsx -> stores/useReel.ts -> stores/useFeed.ts -> api/feed.api.ts -> api/api.ts -> api/socket.ts -> sections/settings/UserSettings.tsx -> icons/Icon.tsx

Require cycles are allowed, but can result in uninitialized values. Consider refactoring to remove the need for a cycle.
 WARN  Require cycle: stores/useFeed.ts -> api/feed.api.ts -> api/api.ts -> api/socket.ts -> sections/settings/UserSettings.tsx -> stores/useFeed.ts

Require cycles are allowed, but can result in uninitialized values. Consider refactoring to remove the need for a cycle.
 WARN  Require cycle: stores/useReel.ts -> stores/useFeed.ts -> api/feed.api.ts -> api/api.ts -> api/socket.ts -> sections/settings/UserSettings.tsx -> stores/useReel.ts

Require cycles are allowed, but can result in uninitialized values. Consider refactoring to remove the need for a cycle.
 WARN  Require cycle: api/socket.ts -> sections/settings/UserSettings.tsx -> notifications/useNotification.ts -> notifications/notification.socket.ts -> api/socket.ts

Require cycles are allowed, but can result in uninitialized values. Consider refactoring to remove the need for a cycle.
 WARN  Require cycle: notifications/useNotification.ts -> notifications/notification.socket.ts -> notifications/useNotification.ts

Require cycles are allowed, but can result in uninitialized values. Consider refactoring to remove the need for a cycle.
 WARN  Require cycle: api/socket.ts -> sections/settings/UserSettings.tsx -> notifications/useNotification.ts -> notifications/notification.socket.ts -> notifications/pushNotification.ts -> api/socket.ts

Require cycles are allowed, but can result in uninitialized values. Consider refactoring to remove the need for a cycle.
 WARN  Require cycle: api/socket.ts -> sections/settings/UserSettings.tsx -> notifications/useNotification.ts -> notifications/notification.socket.ts -> notifications/pushNotification.ts -> stores/useMessage.ts -> api/messages.api.ts -> api/socket.ts

Require cycles are allowed, but can result in uninitialized values. Consider refactoring to remove the need for a cycle.
 WARN  Require cycle: stores/useFeed.ts -> api/feed.api.ts -> api/api.ts -> api/socket.ts -> sections/settings/UserSettings.tsx -> notifications/useNotification.ts -> notifications/notification.socket.ts -> notifications/pushNotification.ts -> stores/useCook.ts -> stores/useFeed.ts

Require cycles are allowed, but can result in uninitialized values. Consider refactoring to remove the need for a cycle.
 WARN  Require cycle: api/api.ts -> api/socket.ts -> sections/settings/UserSettings.tsx -> stores/useCart.ts -> api/cook.api.ts -> api/api.ts

Require cycles are allowed, but can result in uninitialized values. Consider refactoring to remove the need for a cycle.
 WARN  Require cycle: api/api.ts -> api/socket.ts -> sections/settings/UserSettings.tsx -> stores/useSearch.ts -> api/search.api.ts -> api/api.ts

Require cycles are allowed, but can result in uninitialized values. Consider refactoring to remove the need for a cycle.
 WARN  Require cycle: types/food.types.ts -> icons/Icon.tsx -> types/layout.types.ts -> tags/ReelTag.tsx -> stores/useReel.ts -> stores/useFeed.ts -> api/feed.api.ts -> api/api.ts -> api/socket.ts -> sections/settings/UserSettings.tsx -> stores/usePost.ts -> types/food.types.ts

Require cycles are allowed, but can result in uninitialized values. Consider refactoring to remove the need for a cycle.
 WARN  Require cycle: api/api.ts -> api/socket.ts -> sections/settings/UserSettings.tsx -> stores/usePost.ts -> api/post.api.ts -> api/api.ts

Require cycles are allowed, but can result in uninitialized values. Consider refactoring to remove the need for a cycle.
 WARN  Require cycle: api/api.ts -> api/socket.ts -> sections/settings/UserSettings.tsx -> api/profile.api.ts -> api/api.ts

Require cycles are allowed, but can result in uninitialized values. Consider refactoring to remove the need for a cycle.
 WARN  Require cycle: api/socket.ts -> sections/settings/UserSettings.tsx -> api/profile.api.ts -> api/socket.ts

Require cycles are allowed, but can result in uninitialized values. Consider refactoring to remove the need for a cycle.
 WARN  Require cycle: types/layout.types.ts -> tags/ReelTag.tsx -> icons/feed_icon.tsx -> types/layout.types.ts

Require cycles are allowed, but can result in uninitialized values. Consider refactoring to remove the need for a cycle.
 WARN  Require cycle: icons/Icon.tsx -> types/layout.types.ts -> tags/ReelTag.tsx -> icons/Icon.tsx

Require cycles are allowed, but can result in uninitialized values. Consider refactoring to remove the need for a cycle.
 WARN  Require cycle: provider/ThemeProvider.tsx -> stores/useTheme.tsx -> stores/useSettings.ts -> types/index.js -> types/food.types.ts -> icons/Icon.tsx -> types/layout.types.ts -> tags/ReelTag.tsx -> dashboard/Avatar.tsx -> provider/ThemeProvider.tsx

Require cycles are allowed, but can result in uninitialized values. Consider refactoring to remove the need for a cycle.
 WARN  Require cycle: provider/ThemeProvider.tsx -> stores/useTheme.tsx -> stores/useSettings.ts -> types/index.js -> types/food.types.ts -> icons/Icon.tsx -> types/layout.types.ts -> tags/ReelTag.tsx -> dashboard/Avatar.tsx -> components/SectionComponent.tsx -> provider/ThemeProvider.tsx

Require cycles are allowed, but can result in uninitialized values. Consider refactoring to remove the need for a cycle.
 WARN  Require cycle: icons/Icon.tsx -> types/layout.types.ts -> tags/ReelTag.tsx -> dashboard/Avatar.tsx -> icons/Icon.tsx

Require cycles are allowed, but can result in uninitialized values. Consider refactoring to remove the need for a cycle.
 WARN  Require cycle: types/index.js -> types/food.types.ts -> icons/Icon.tsx -> types/layout.types.ts -> tags/ReelTag.tsx -> dashboard/Avatar.tsx -> types/index.js

Require cycles are allowed, but can result in uninitialized values. Consider refactoring to remove the need for a cycle.
 WARN  Require cycle: provider/ThemeProvider.tsx -> stores/useTheme.tsx -> stores/useSettings.ts -> types/index.js -> types/food.types.ts -> icons/Icon.tsx -> types/layout.types.ts -> sections/Navigate.tsx -> provider/ThemeProvider.tsx

Require cycles are allowed, but can result in uninitialized values. Consider refactoring to remove the need for a cycle.
 WARN  Require cycle: types/layout.types.ts -> sections/Navigate.tsx -> types/layout.types.ts

Require cycles are allowed, but can result in uninitialized values. Consider refactoring to remove the need for a cycle.
 WARN  Require cycle: provider/ThemeProvider.tsx -> stores/useTheme.tsx -> stores/useSettings.ts -> types/index.js -> types/post.types.ts -> sections/post/exports.js -> sections/post/DishMedia/index.tsx -> provider/ThemeProvider.tsx

Require cycles are allowed, but can result in uninitialized values. Consider refactoring to remove the need for a cycle.
 WARN  Require cycle: provider/ThemeProvider.tsx -> stores/useTheme.tsx -> stores/useSettings.ts -> types/index.js -> types/post.types.ts -> sections/post/exports.js -> sections/post/DishMedia/index.tsx -> sections/post/DishMedia/EnhanceMedia.tsx -> provider/ThemeProvider.tsx

Require cycles are allowed, but can result in uninitialized values. Consider refactoring to remove the need for a cycle.
 WARN  Require cycle: provider/ThemeProvider.tsx -> stores/useTheme.tsx -> stores/useSettings.ts -> types/index.js -> types/post.types.ts -> sections/post/exports.js -> sections/post/DishMedia/index.tsx -> sections/post/DishMedia/EnhanceMedia.tsx -> sections/post/DishMedia/EnhanceMediaFunc.tsx -> provider/ThemeProvider.tsx

Require cycles are allowed, but can result in uninitialized values. Consider refactoring to remove the need for a cycle.
 WARN  Require cycle: provider/ThemeProvider.tsx -> stores/useTheme.tsx -> stores/useSettings.ts -> types/index.js -> types/post.types.ts -> sections/post/exports.js -> sections/post/DishMedia/index.tsx -> components/PermissionComponent.tsx -> provider/ThemeProvider.tsx

Require cycles are allowed, but can result in uninitialized values. Consider refactoring to remove the need for a cycle.
 WARN  Require cycle: provider/ThemeProvider.tsx -> stores/useTheme.tsx -> stores/useSettings.ts -> types/index.js -> types/post.types.ts -> sections/post/exports.js -> sections/post/Info.tsx -> provider/ThemeProvider.tsx

Require cycles are allowed, but can result in uninitialized values. Consider refactoring to remove the need for a cycle.
 WARN  Require cycle: provider/ThemeProvider.tsx -> stores/useTheme.tsx -> stores/useSettings.ts -> types/index.js -> types/post.types.ts -> sections/post/exports.js -> sections/post/Ingredients.tsx -> provider/ThemeProvider.tsx

Require cycles are allowed, but can result in uninitialized values. Consider refactoring to remove the need for a cycle.
 WARN  Require cycle: provider/ThemeProvider.tsx -> stores/useTheme.tsx -> stores/useSettings.ts -> types/index.js -> types/post.types.ts -> sections/post/exports.js -> sections/post/Steps.tsx -> provider/ThemeProvider.tsx

Require cycles are allowed, but can result in uninitialized values. Consider refactoring to remove the need for a cycle.
 WARN  Require cycle: provider/ThemeProvider.tsx -> stores/useTheme.tsx -> stores/useSettings.ts -> types/index.js -> types/post.types.ts -> sections/post/exports.js -> sections/post/Dietary.tsx -> provider/ThemeProvider.tsx

Require cycles are allowed, but can result in uninitialized values. Consider refactoring to remove the need for a cycle.
 WARN  Require cycle: types/index.js -> types/post.types.ts -> sections/post/exports.js -> sections/post/Dietary.tsx -> types/index.js

Require cycles are allowed, but can result in uninitialized values. Consider refactoring to remove the need for a cycle.
 WARN  Require cycle: provider/ThemeProvider.tsx -> stores/useTheme.tsx -> stores/useSettings.ts -> types/index.js -> types/post.types.ts -> sections/post/exports.js -> sections/post/Nutrition.tsx -> provider/ThemeProvider.tsx

Require cycles are allowed, but can result in uninitialized values. Consider refactoring to remove the need for a cycle.
 WARN  Require cycle: types/index.js -> types/post.types.ts -> sections/post/exports.js -> sections/post/Nutrition.tsx -> types/index.js

Require cycles are allowed, but can result in uninitialized values. Consider refactoring to remove the need for a cycle.
 WARN  Route "./bug.tsx" is missing the required default export. Ensure a React component is exported as default.
 WARN  Route "./overlay.tsx" is missing the required default export. Ensure a React component is exported as default.
